// Jest Snapshot v1, https://goo.gl/fbAQLP

exports[`App component should render 1`] = `
.c1 {
  font-size: 1.5em;
  font-weight: bolder;
}

.c9 {
  display: grid;
  grid-template-columns: repeat(2,auto);
}

.c2 {
  display: grid;
  grid-template-columns: repeat(2,auto);
}

.c3 {
  width: 100%;
  display: -webkit-box;
  display: -webkit-flex;
  display: -ms-flexbox;
  display: flex;
  -webkit-box-pack: justify;
  -webkit-justify-content: space-between;
  -ms-flex-pack: justify;
  justify-content: space-between;
  margin-left: 50px;
  margin-top: 7px;
  margin-bottom: 7px;
}

.c6 {
  width: 33%;
  height: 0.5em;
  float: left;
  border-radius: 15%;
  background-color: #B3B3B3;
  margin-right: 5px;
}

.c7 {
  width: NaN%;
  height: 100%;
  float: left;
  border-radius: 15%;
  background-color: black;
  margin-right: 5px;
}

.c4 {
  width: 25%;
  -webkit-flex-direction: row;
  -ms-flex-direction: row;
  flex-direction: row;
}

.c8 {
  font-size: 15px;
  font-weight: bolder;
}

.c5 {
  display: -webkit-box;
  display: -webkit-flex;
  display: -ms-flexbox;
  display: flex;
  -webkit-box-pack: end;
  -webkit-justify-content: flex-end;
  -ms-flex-pack: end;
  justify-content: flex-end;
  height: 100%;
  width: 75%;
  margin-right: 10px;
}

.c0 {
  font-family: sans-serif display:flex;
}

<div
  className="c0"
>
  <div
    className="c1"
  >
     (
     reviews)
  </div>
  <div
    className="c2"
  >
    <div
      className="c3"
    >
      <div
        className="c4"
      >
        Cleanliness
      </div>
      <div
        className="c5"
      >
        <div
          className="c6"
          color="#B3B3B3"
          height="0.5em"
          width="33%"
        >
          <div
            className="c7"
            color="black"
            height="100%"
            width="NaN%"
          />
        </div>
        <span
          className="c8"
        />
      </div>
    </div>
    <div
      className="c3"
    >
      <div
        className="c4"
      >
        Accuracy
      </div>
      <div
        className="c5"
      >
        <div
          className="c6"
          color="#B3B3B3"
          height="0.5em"
          width="33%"
        >
          <div
            className="c7"
            color="black"
            height="100%"
            width="NaN%"
          />
        </div>
        <span
          className="c8"
        />
      </div>
    </div>
    <div
      className="c3"
    >
      <div
        className="c4"
      >
        Communication
      </div>
      <div
        className="c5"
      >
        <div
          className="c6"
          color="#B3B3B3"
          height="0.5em"
          width="33%"
        >
          <div
            className="c7"
            color="black"
            height="100%"
            width="NaN%"
          />
        </div>
        <span
          className="c8"
        />
      </div>
    </div>
    <div
      className="c3"
    >
      <div
        className="c4"
      >
        Location
      </div>
      <div
        className="c5"
      >
        <div
          className="c6"
          color="#B3B3B3"
          height="0.5em"
          width="33%"
        >
          <div
            className="c7"
            color="black"
            height="100%"
            width="NaN%"
          />
        </div>
        <span
          className="c8"
        />
      </div>
    </div>
    <div
      className="c3"
    >
      <div
        className="c4"
      >
        Check-in
      </div>
      <div
        className="c5"
      >
        <div
          className="c6"
          color="#B3B3B3"
          height="0.5em"
          width="33%"
        >
          <div
            className="c7"
            color="black"
            height="100%"
            width="NaN%"
          />
        </div>
        <span
          className="c8"
        />
      </div>
    </div>
    <div
      className="c3"
    >
      <div
        className="c4"
      >
        Communication
      </div>
      <div
        className="c5"
      >
        <div
          className="c6"
          color="#B3B3B3"
          height="0.5em"
          width="33%"
        >
          <div
            className="c7"
            color="black"
            height="100%"
            width="NaN%"
          />
        </div>
        <span
          className="c8"
        />
      </div>
    </div>
  </div>
  <div
    className="c9"
  />
</div>
`;
