// Jest Snapshot v1, https://goo.gl/fbAQLP

exports[`ReviewsSummary component should render 1`] = `
.c1 {
  margin: 25px 50px 25px 50px;
}

.c2 {
  display: -webkit-box;
  display: -webkit-flex;
  display: -ms-flexbox;
  display: flex;
}

.c3 {
  width: 50px;
  height: 50px;
  border-radius: 50%;
  -webkit-flex-direction: column;
  -ms-flex-direction: column;
  flex-direction: column;
}

.c4 {
  -webkit-flex-direction: row;
  -ms-flex-direction: row;
  flex-direction: row;
}

.c5 {
  color: #B3B3B3;
}

.c0 {
  display: grid;
  grid-template-columns: repeat(2,auto);
}

<div
  className="c0"
>
  <div>
    <div
      className="c1"
    >
      <div
        className="c2"
      >
        <img
          className="c3"
          src="https://dteamdp.s3-us-west-2.amazonaws.com/pug25.jpg"
        />
        <div
          className="c4"
        >
          Clifton
          <br />
          <span
            className="c5"
          >
            April 2015
          </span>
        </div>
      </div>
      Cillum magna cupidatat id veniam eiusmod et fugiat duis labore ipsum adipisicing cillum. Commodo consectetur et amet ipsum et anim aute commodo. Quis aliquip nisi ad ex. Tempor eli
      <a
        href="#"
        onClick={[Function]}
      >
        ...Read More
      </a>
    </div>
  </div>
  <div>
    <div
      className="c1"
    >
      <div
        className="c2"
      >
        <img
          className="c3"
          src="https://dteamdp.s3-us-west-2.amazonaws.com/pug9.jpg"
        />
        <div
          className="c4"
        >
          Alvis
          <br />
          <span
            className="c5"
          >
            April 2016
          </span>
        </div>
      </div>
      Tempor do laborum excepteur exercitation ipsum sunt non duis ad culpa minim nisi elit esse laboris. Non in pariatur cupidatat elit. Ullamco ad ut tempor excepteur reprehenderit eni
      <a
        href="#"
        onClick={[Function]}
      >
        ...Read More
      </a>
    </div>
  </div>
  <div>
    <div
      className="c1"
    >
      <div
        className="c2"
      >
        <img
          className="c3"
          src="https://dteamdp.s3-us-west-2.amazonaws.com/pug10.jpg"
        />
        <div
          className="c4"
        >
          Samir
          <br />
          <span
            className="c5"
          >
            September 2016
          </span>
        </div>
      </div>
      Cupidatat voluptate aliqua veniam ullamco ut officia et velit dolor.
    </div>
  </div>
  <div>
    <div
      className="c1"
    >
      <div
        className="c2"
      >
        <img
          className="c3"
          src="https://dteamdp.s3-us-west-2.amazonaws.com/pug20.jpg"
        />
        <div
          className="c4"
        >
          Ismael
          <br />
          <span
            className="c5"
          >
            August 2017
          </span>
        </div>
      </div>
      Est ut anim ipsum enim mollit excepteur sit. Sunt irure esse adipisicing tempor exercitation eu ex dolore sunt do officia pariatur. Dolor enim incididunt aute consectetur nisi ulla
      <a
        href="#"
        onClick={[Function]}
      >
        ...Read More
      </a>
    </div>
  </div>
  <div>
    <div
      className="c1"
    >
      <div
        className="c2"
      >
        <img
          className="c3"
          src="https://dteamdp.s3-us-west-2.amazonaws.com/pug16.jpg"
        />
        <div
          className="c4"
        >
          Kolby
          <br />
          <span
            className="c5"
          >
            May 2018
          </span>
        </div>
      </div>
      Anim minim qui culpa anim. Esse exercitation sit sint tempor aliqua proident. Ullamco duis tempor cupidatat sunt quis labore mollit tempor. Ea enim aliquip Lorem do aliquip exercit
      <a
        href="#"
        onClick={[Function]}
      >
        ...Read More
      </a>
    </div>
  </div>
  <div>
    <div
      className="c1"
    >
      <div
        className="c2"
      >
        <img
          className="c3"
          src="https://dteamdp.s3-us-west-2.amazonaws.com/pug15.jpg"
        />
        <div
          className="c4"
        >
          Avery
          <br />
          <span
            className="c5"
          >
            February 2019
          </span>
        </div>
      </div>
      Lorem laborum est ullamco. Minim dolor incididunt magna velit aute officia. Sunt fugiat elit non laborum in incididunt duis excepteur laboris tempor.
    </div>
  </div>
  <div>
    <div
      className="c1"
    >
      <div
        className="c2"
      >
        <img
          className="c3"
          src="https://dteamdp.s3-us-west-2.amazonaws.com/pug29.jpg"
        />
        <div
          className="c4"
        >
          Tremaine
          <br />
          <span
            className="c5"
          >
            June 2019
          </span>
        </div>
      </div>
      Consequat adipisicing veniam non laboris nisi laborum aliquip elit. Anim magna ad esse quis consectetur velit irure est irure adipisicing id aliquip commodo. Nostrud consequat labo
      <a
        href="#"
        onClick={[Function]}
      >
        ...Read More
      </a>
    </div>
  </div>
</div>
`;
